---
source: tests/project_describe_snapshots.rs
expression: out
---
{"_meta":{"server":"https://api.dasch.swiss","auth":"anonymous","exit_code":1},"error":{"kind":"not_found","message":"not found: project '9999' not found on https://api.dasch.swiss. Run `dsp vre project list --server https://api.dasch.swiss` to see available projects."}}
