---
source: tests/project_list_snapshots.rs
expression: buf_to_string(&out_buf)
---
shortcode	shortname	longname	status	data_models	iri
0512	sandbox		inactive	0	http://rdfh.ch/projects/Zc6F1hYpQ2kMe8Vn
0801	beol	Bernoulli-Euler Online	active	4	http://rdfh.ch/projects/Qt8K2mWbT0eHa1cZ
0820	incunabula	Basel Early Book Printing	active	1	http://rdfh.ch/projects/Hn5D0sJwR3uXf7Tb
0918	roud	Gustave Roud	active	2	http://rdfh.ch/projects/Lp3R9vNxS7iWd4Bg
