---
source: tests/project_describe_snapshots.rs
expression: buf_to_string(&buf)
---
Project: beol (0801)
  Name:       Bernoulli-Euler Online
  IRI:        http://rdfh.ch/projects/yTerZGyxjZVqFMNNKXCDPF
  Keywords:   Bernoulli, Euler, Mathematics
  Data-models (4): beol, biblio, leibniz, newton
  Description:
    [en] BEOL — early modern mathematics.

[anonymous on https://api.dasch.swiss]
